main.c:146:5:main	112	static
main.c:258:6:SystemClock_Config	232	static
main.c:350:13:MX_ADC1_Init	24	static
main.c:400:13:MX_ADC3_Init	24	static
main.c:450:13:MX_CRC_Init	8	static
main.c:481:13:MX_DMA2D_Init	8	static
main.c:520:13:MX_DSIHOST_DSI_Init	176	static
main.c:629:13:MX_ETH_Init	8	static
main.c:673:13:MX_HDMI_CEC_Init	8	static
main.c:709:13:MX_I2C1_Init	8	static
main.c:755:13:MX_I2C4_Init	8	static
main.c:801:13:MX_IWDG_Init	8	static
main.c:830:13:MX_LTDC_Init	64	static
main.c:892:13:MX_QUADSPI_Init	8	static
main.c:927:13:MX_RTC_Init	80	static
main.c:1006:13:MX_SAI1_Init	8	static
main.c:1081:13:MX_SAI2_Init	8	static
main.c:1115:13:MX_SDMMC2_MMC_Init	8	static
main.c:1151:13:MX_SPDIFRX_Init	8	static
main.c:1187:13:MX_SPI2_Init	8	static
main.c:1227:13:MX_TIM1_Init	40	static
main.c:1274:13:MX_TIM3_Init	48	static
main.c:1323:13:MX_TIM10_Init	40	static
main.c:1369:13:MX_TIM11_Init	40	static
main.c:1415:13:MX_TIM12_Init	40	static
main.c:1457:13:MX_UART5_Init	8	static
main.c:1492:13:MX_USART1_UART_Init	8	static
main.c:1527:13:MX_USART6_UART_Init	8	static
main.c:1562:13:MX_USB_OTG_HS_PCD_Init	8	static
main.c:1598:13:MX_WWDG_Init	8	static
main.c:1624:13:MX_FMC_Init	40	static
main.c:1675:13:MX_GPIO_Init	72	static
main.c:1791:6:StartDefaultTask	16	static
main.c:1810:6:HAL_TIM_PeriodElapsedCallback	16	static
main.c:1827:6:Error_Handler	4	static,ignoring_inline_asm
