stm32f7xx_hal_msp.c:66:6:HAL_MspInit	16	static
stm32f7xx_hal_msp.c:90:6:HAL_ADC_MspInit	56	static
stm32f7xx_hal_msp.c:154:6:HAL_ADC_MspDeInit	16	static
stm32f7xx_hal_msp.c:205:6:HAL_CRC_MspInit	24	static
stm32f7xx_hal_msp.c:227:6:HAL_CRC_MspDeInit	16	static
stm32f7xx_hal_msp.c:249:6:HAL_DMA2D_MspInit	24	static
stm32f7xx_hal_msp.c:274:6:HAL_DMA2D_MspDeInit	16	static
stm32f7xx_hal_msp.c:299:6:HAL_DSI_MspInit	48	static
stm32f7xx_hal_msp.c:337:6:HAL_DSI_MspDeInit	16	static
stm32f7xx_hal_msp.c:367:6:HAL_ETH_MspInit	64	static
stm32f7xx_hal_msp.c:426:6:HAL_ETH_MspDeInit	16	static
stm32f7xx_hal_msp.c:466:6:HAL_CEC_MspInit	48	static
stm32f7xx_hal_msp.c:504:6:HAL_CEC_MspDeInit	16	static
stm32f7xx_hal_msp.c:534:6:HAL_I2C_MspInit	56	static
stm32f7xx_hal_msp.c:602:6:HAL_I2C_MspDeInit	16	static
stm32f7xx_hal_msp.c:653:6:HAL_LTDC_MspInit	24	static
stm32f7xx_hal_msp.c:678:6:HAL_LTDC_MspDeInit	16	static
stm32f7xx_hal_msp.c:703:6:HAL_QSPI_MspInit	56	static
stm32f7xx_hal_msp.c:774:6:HAL_QSPI_MspDeInit	16	static
stm32f7xx_hal_msp.c:813:6:HAL_RTC_MspInit	16	static
stm32f7xx_hal_msp.c:835:6:HAL_RTC_MspDeInit	16	static
stm32f7xx_hal_msp.c:857:6:HAL_MMC_MspInit	56	static
stm32f7xx_hal_msp.c:913:6:HAL_MMC_MspDeInit	16	static
stm32f7xx_hal_msp.c:950:6:HAL_SPDIFRX_MspInit	48	static
stm32f7xx_hal_msp.c:985:6:HAL_SPDIFRX_MspDeInit	16	static
stm32f7xx_hal_msp.c:1013:6:HAL_SPI_MspInit	48	static
stm32f7xx_hal_msp.c:1066:6:HAL_SPI_MspDeInit	16	static
stm32f7xx_hal_msp.c:1099:6:HAL_TIM_Base_MspInit	32	static
stm32f7xx_hal_msp.c:1143:6:HAL_TIM_PWM_MspInit	24	static
stm32f7xx_hal_msp.c:1170:6:HAL_TIM_MspPostInit	56	static
stm32f7xx_hal_msp.c:1264:6:HAL_TIM_Base_MspDeInit	16	static
stm32f7xx_hal_msp.c:1308:6:HAL_TIM_PWM_MspDeInit	16	static
stm32f7xx_hal_msp.c:1341:6:HAL_UART_MspInit	64	static
stm32f7xx_hal_msp.c:1443:6:HAL_UART_MspDeInit	16	static
stm32f7xx_hal_msp.c:1512:6:HAL_PCD_MspInit	64	static
stm32f7xx_hal_msp.c:1595:6:HAL_PCD_MspDeInit	16	static
stm32f7xx_hal_msp.c:1646:6:HAL_WWDG_MspInit	24	static
stm32f7xx_hal_msp.c:1664:13:HAL_FMC_MspInit	32	static
stm32f7xx_hal_msp.c:1793:6:HAL_SDRAM_MspInit	16	static
stm32f7xx_hal_msp.c:1805:13:HAL_FMC_MspDeInit	8	static
stm32f7xx_hal_msp.c:1902:6:HAL_SDRAM_MspDeInit	16	static
stm32f7xx_hal_msp.c:1915:6:HAL_SAI_MspInit	48	static
stm32f7xx_hal_msp.c:1993:6:HAL_SAI_MspDeInit	16	static
